// Jest Snapshot v1, https://goo.gl/fbAQLP

exports[`ProApiKeys component Matches snapshot with minimal props 1`] = `
<div
  className="caldera-forms-global-form-settings"
>
  ProApiKeys
</div>
`;
