// Jest Snapshot v1, https://goo.gl/fbAQLP

exports[`Example component Lists forms 1`] = `
<tr
  className="alternate form_entry_row"
  id="form_row_cf1"
>
  <td
    className=""
  >
    <span
      className="cf-form-name-preview"
    >
      Form One
    </span>
    <span
      className="cf-form-view-shorcode"
    >
      <button
        className="button cf-form-shortcode-preview-button"
        onClick={[Function]}
      >
        Get Shortcode
      </button>
    </span>
    <div
      className="row-actions"
    >
      <span
        className="edit"
      >
        <a
          href="forms/cf1/edit"
        >
          Edit
        </a>
      </span>
    </div>
  </td>
  <td
    className="entry_count_cf1"
    style={
      Object {
        "textAign": "center",
        "width": "4em",
      }
    }
  >
    Disabled
  </td>
</tr>
`;
