// Jest Snapshot v1, https://goo.gl/fbAQLP

exports[`Layout export index has the right types and keys 1`] = `"{\\"Status\\":\\"function\\"}"`;
